// Jest Snapshot v1, https://goo.gl/fbAQLP

exports[`ProductsList component tests should render a default productList component 1`] = `ReactWrapper {}`;
