// Jest Snapshot v1, https://goo.gl/fbAQLP

exports[`ProductItem Component matches snapshot 1`] = `
<DocumentFragment>
  <li
    class="grid justify-center grid-cols-[0.2fr_1.5fr_0.5fr_0.5fr] p-4 border-b border-gray-300 cursor-pointer "
    data-testid="product-list"
  >
    <img
      alt="Test Product"
      height="50"
      src="test-image.jpg"
    />
    <span
      class="flex items-center justify-center"
      data-testid="product-name"
    >
      Test Product
    </span>
    <span
      class="flex items-center justify-center"
      data-testid="product-price"
    >
      Â£20
    </span>
    <span
      class="flex items-center justify-center"
      data-testid="subscription-discount"
    >
      10%
    </span>
  </li>
</DocumentFragment>
`;
